
Allocating common symbols
Common symbol       size              file

ones                0x1               build/main.o
pass                0xa               build/main.o
logname             0xa               build/main.o
rbuf                0x4               build/main.o
alarm               0x1               build/main.o
buffer              0x4               build/main.o
float_exception_flags
                    0x1               build/main.o
tens                0x1               build/main.o
float_rounding_mode
                    0x1               build/main.o
tbuf                0x4               build/main.o

Memory Configuration

Name             Origin             Length             Attributes
*default*        0x00000000         0xffffffff

Linker script and memory map

LOAD build/boot.o
LOAD build/uart.o
LOAD build/spi.o
LOAD build/bcm2835.o
LOAD build/main.o
LOAD build/softfloat.o
LOAD build/can.o
LOAD build/i2c.o
                0x00000000                . = 0x0

.text           0x00000000     0xb0fc
 *(.text)
 .text          0x00000000     0x8104 build/boot.o
                0x00000000                vectors
                0x00008000                reset
                0x000080b0                reboot
                0x000080b4                enable_arm_irq
                0x000080c4                disable_arm_irq
                0x000080d4                enable_arm_fiq
                0x000080e4                disable_arm_fiq
                0x000080f4                vfp11_add
 .text          0x00008104      0x230 build/uart.o
                0x00008198                uart_init
                0x00008254                uart_putc
                0x000082a8                uart_readc
                0x000082f0                uart_puts
 .text          0x00008334      0x164 build/spi.o
                0x00008334                bcm2835_spi_begin
                0x000083ac                bcm2835_spi_end
                0x000083f4                bcm2835_spi_setBitOrder
                0x00008414                bcm2835_spi_setClockDivider
                0x00008454                bcm2835_spi_setDataMode
 .text          0x00008498      0x600 build/bcm2835.o
                0x00008498                bcm2835_st_read
                0x00008528                bcm2835_spi_transfernb
                0x00008674                bcm2835_gpio_set
                0x000086dc                bcm2835_gpio_fsel
                0x0000879c                bcm2835_peri_read
                0x000087d8                bcm2835_st_delay
                0x00008820                bcm2835_delayMicroseconds
                0x0000884c                bcm2835_peri_read_nb
                0x00008874                bcm2835_peri_write
                0x000088ac                bcm2835_peri_write_nb
                0x000088d8                bcm2835_peri_set_bits
                0x00008934                bcm2835_gpio_clr
                0x0000899c                bcm2835_gpio_write
                0x000089ec                bcm2835_spi_chipSelect
                0x00008a2c                bcm2835_spi_setChipSelectPolarity
 .text          0x00008a98      0xe08 build/main.o
                0x00008acc                testdelay
                0x00008b0c                enable_irq_57
                0x00008b28                disable_irq_57
                0x00008b44                ValidateGPUData
                0x00008b84                GPUInit
                0x00008ba0                banner
                0x00008bc4                BCDtoUint8
                0x00008c1c                DATE
                0x00008df4                TIME
                0x00009278                ALARM
                0x00009508                CANCOM
                0x00009644                ADC
                0x00009658                RES
                0x00009668                HELP
                0x00009680                SFT
                0x000096f8                VFP11
                0x0000970c                command
                0x00009818                logon
                0x00009840                kernel_main
                0x00009864                irq_handler
 .text          0x000098a0     0x1358 build/softfloat.o
                0x000098a0                float32_is_signaling_nan
                0x00009900                float32_is_nan
                0x00009938                extractFloat32Frac
                0x00009964                extractFloat32Exp
                0x00009990                extractFloat32Sign
                0x00009b0c                shift32RightJamming
                0x00009bb4                packFloat32
                0x0000a120                float_raise
                0x0000a54c                float32_add
                0x0000a5c0                float32_sub
                0x0000a634                expo
                0x0000a690                digits
                0x0000a704                getfraction
                0x0000a7e4                ASCII_to_float32
                0x0000abd0                float32_to_ASCII
 .text          0x0000abf8      0x1e0 build/can.o
                0x0000abf8                spitocan
                0x0000acc4                cantospi
                0x0000ad8c                initCAN
                0x0000ada0                CANtransmit
                0x0000adc0                CANreceive
 .text          0x0000add8      0x324 build/i2c.o
                0x0000add8                bcm2835_i2c_begin
                0x0000adfc                bcm2835_i2c_end
                0x0000ae20                bcm2835_i2c_setSlaveAddress
                0x0000ae60                bcm2835_i2c_setClockDivider
                0x0000aea0                bcm2835_i2c_write
                0x0000af70                bcm2835_i2c_read

.glue_7         0x0000b0fc        0x0
 .glue_7        0x0000b0fc        0x0 linker stubs

.glue_7t        0x0000b0fc        0x0
 .glue_7t       0x0000b0fc        0x0 linker stubs

.vfp11_veneer   0x0000b0fc        0x0
 .vfp11_veneer  0x0000b0fc        0x0 linker stubs

.v4_bx          0x0000b0fc        0x0
 .v4_bx         0x0000b0fc        0x0 linker stubs

.iplt           0x0000b0fc        0x0
 .iplt          0x0000b0fc        0x0 build/boot.o

.rodata         0x0000b0fc      0x80c
 *(.rodata)
 .rodata        0x0000b0fc      0x3e0 build/main.o
                0x0000b0fc                MS1
                0x0000b114                MS2
                0x0000b14c                MS3
                0x0000b158                MS4
                0x0000b178                GPUDATAERROR
                0x0000b19c                LOGONNAME
                0x0000b1a8                PASSWORD
 .rodata        0x0000b4dc      0x42c build/softfloat.o

.rel.dyn        0x0000b908        0x0
 .rel.iplt      0x0000b908        0x0 build/boot.o

.data           0x0000b908      0x340
 *(.data)
 .data          0x0000b908        0x0 build/boot.o
 .data          0x0000b908        0x0 build/uart.o
 .data          0x0000b908        0x0 build/spi.o
 .data          0x0000b908        0x0 build/bcm2835.o
 .data          0x0000b908      0x33c build/main.o
                0x0000b908                N
                0x0000bc28                bcm2835_gpio
                0x0000bc2c                bcm2835_clk
                0x0000bc30                bcm2835_pads
                0x0000bc34                bcm2835_spi0
                0x0000bc38                bcm2835_bsc0
                0x0000bc3c                bcm2835_bsc1
                0x0000bc40                bcm2835_st
 .data          0x0000bc44        0x0 build/softfloat.o
 .data          0x0000bc44        0x0 build/can.o
 .data          0x0000bc44        0x4 build/i2c.o

.igot.plt       0x0000bc48        0x0
 .igot.plt      0x0000bc48        0x0 build/boot.o

.bss            0x0000bc48       0x34
 *(.bss)
 .bss           0x0000bc48        0x0 build/boot.o
 .bss           0x0000bc48        0x0 build/uart.o
 .bss           0x0000bc48        0x0 build/spi.o
 .bss           0x0000bc48        0x0 build/bcm2835.o
 .bss           0x0000bc48        0x0 build/main.o
 .bss           0x0000bc48        0x4 build/softfloat.o
                0x0000bc48                float_detect_tininess
 .bss           0x0000bc4c        0x0 build/can.o
 .bss           0x0000bc4c        0x0 build/i2c.o
 COMMON         0x0000bc4c       0x30 build/main.o
                0x0000bc4c                ones
                0x0000bc50                pass
                0x0000bc5c                logname
                0x0000bc68                rbuf
                0x0000bc6c                alarm
                0x0000bc70                buffer
                0x0000bc74                float_exception_flags
                0x0000bc75                tens
                0x0000bc76                float_rounding_mode
                0x0000bc78                tbuf
OUTPUT(build/output.elf elf32-littlearm)

.ARM.attributes
                0x00000000       0x29
 .ARM.attributes
                0x00000000       0x16 build/boot.o
 .ARM.attributes
                0x00000016       0x2d build/uart.o
 .ARM.attributes
                0x00000043       0x2d build/spi.o
 .ARM.attributes
                0x00000070       0x2d build/bcm2835.o
 .ARM.attributes
                0x0000009d       0x2d build/main.o
 .ARM.attributes
                0x000000ca       0x2d build/softfloat.o
 .ARM.attributes
                0x000000f7       0x2d build/can.o
 .ARM.attributes
                0x00000124       0x2d build/i2c.o

.comment        0x00000000       0x26
 .comment       0x00000000       0x26 build/uart.o
                                 0x27 (size before relaxing)
 .comment       0x00000026       0x27 build/spi.o
 .comment       0x00000026       0x27 build/bcm2835.o
 .comment       0x00000026       0x27 build/main.o
 .comment       0x00000026       0x27 build/softfloat.o
 .comment       0x00000026       0x27 build/can.o
 .comment       0x00000026       0x27 build/i2c.o

.note.GNU-stack
                0x00000000        0x0
 .note.GNU-stack
                0x00000000        0x0 build/uart.o
 .note.GNU-stack
                0x00000000        0x0 build/spi.o
 .note.GNU-stack
                0x00000000        0x0 build/bcm2835.o
 .note.GNU-stack
                0x00000000        0x0 build/main.o
 .note.GNU-stack
                0x00000000        0x0 build/softfloat.o
 .note.GNU-stack
                0x00000000        0x0 build/can.o
 .note.GNU-stack
                0x00000000        0x0 build/i2c.o
