
Allocating common symbols
Common symbol       size              file

float_exception_flags
                    0x1               build/main.o
float_rounding_mode
                    0x1               build/main.o
result_response     0x14              build/main.o

Memory Configuration

Name             Origin             Length             Attributes
*default*        0x00000000         0xffffffff

Linker script and memory map

LOAD build/boot.o
LOAD build/calculator.o
LOAD build/uart.o
LOAD build/spi.o
LOAD build/bcm2835.o
LOAD build/main.o
LOAD build/softfloat.o
LOAD build/can.o
LOAD build/i2c.o
                0x00000000                . = 0x0

.text           0x00000000     0xabdc
 *(.text)
 .text          0x00000000     0x8104 build/boot.o
                0x00000000                vectors
                0x00008000                reset
                0x000080b0                reboot
                0x000080b4                enable_arm_irq
                0x000080c4                disable_arm_irq
                0x000080d4                enable_arm_fiq
                0x000080e4                disable_arm_fiq
                0x000080f4                vfp11_add
 .text          0x00008104      0x204 build/calculator.o
                0x00008104                add
                0x0000810c                subtract
                0x00008114                multiply
                0x0000811c                divide
                0x0000815c                divide_2
 .text          0x00008308      0x230 build/uart.o
                0x0000839c                uart_init
                0x00008458                uart_putc
                0x000084ac                uart_readc
                0x000084f4                uart_puts
 .text          0x00008538      0x164 build/spi.o
                0x00008538                bcm2835_spi_begin
                0x000085b0                bcm2835_spi_end
                0x000085f8                bcm2835_spi_setBitOrder
                0x00008618                bcm2835_spi_setClockDivider
                0x00008658                bcm2835_spi_setDataMode
 .text          0x0000869c      0x600 build/bcm2835.o
                0x0000869c                bcm2835_st_read
                0x0000872c                bcm2835_spi_transfernb
                0x00008878                bcm2835_gpio_set
                0x000088e0                bcm2835_gpio_fsel
                0x000089a0                bcm2835_peri_read
                0x000089dc                bcm2835_st_delay
                0x00008a24                bcm2835_delayMicroseconds
                0x00008a50                bcm2835_peri_read_nb
                0x00008a78                bcm2835_peri_write
                0x00008ab0                bcm2835_peri_write_nb
                0x00008adc                bcm2835_peri_set_bits
                0x00008b38                bcm2835_gpio_clr
                0x00008ba0                bcm2835_gpio_write
                0x00008bf0                bcm2835_spi_chipSelect
                0x00008c30                bcm2835_spi_setChipSelectPolarity
 .text          0x00008c9c      0x6e4 build/main.o
                0x00008cd0                testdelay
                0x00008d10                enable_irq_57
                0x00008d2c                disable_irq_57
                0x00008d48                banner
                0x00008d6c                BCDtoUint8
                0x00008dc4                RES
                0x00008dd4                MENU
                0x00008dec                wait_for_response
                0x00008e24                char_to_int
                0x00008e50                itoa
                0x00008f90                get_numbers
                0x00009028                ADD
                0x000090e4                SUBTRACT
                0x00009194                DIVIDE
                0x000091b0                MULTIPLY
                0x00009260                command
                0x00009318                kernel_main
                0x0000933c                irq_handler
 .text          0x00009380     0x1358 build/softfloat.o
                0x00009380                float32_is_signaling_nan
                0x000093e0                float32_is_nan
                0x00009418                extractFloat32Frac
                0x00009444                extractFloat32Exp
                0x00009470                extractFloat32Sign
                0x000095ec                shift32RightJamming
                0x00009694                packFloat32
                0x00009c00                float_raise
                0x0000a02c                float32_add
                0x0000a0a0                float32_sub
                0x0000a114                expo
                0x0000a170                digits
                0x0000a1e4                getfraction
                0x0000a2c4                ASCII_to_float32
                0x0000a6b0                float32_to_ASCII
 .text          0x0000a6d8      0x1e0 build/can.o
                0x0000a6d8                spitocan
                0x0000a7a4                cantospi
                0x0000a86c                initCAN
                0x0000a880                CANtransmit
                0x0000a8a0                CANreceive
 .text          0x0000a8b8      0x324 build/i2c.o
                0x0000a8b8                bcm2835_i2c_begin
                0x0000a8dc                bcm2835_i2c_end
                0x0000a900                bcm2835_i2c_setSlaveAddress
                0x0000a940                bcm2835_i2c_setClockDivider
                0x0000a980                bcm2835_i2c_write
                0x0000aa50                bcm2835_i2c_read

.glue_7         0x0000abdc        0x0
 .glue_7        0x0000abdc        0x0 linker stubs

.glue_7t        0x0000abdc        0x0
 .glue_7t       0x0000abdc        0x0 linker stubs

.vfp11_veneer   0x0000abdc        0x0
 .vfp11_veneer  0x0000abdc        0x0 linker stubs

.v4_bx          0x0000abdc        0x0
 .v4_bx         0x0000abdc        0x0 linker stubs

.iplt           0x0000abdc        0x0
 .iplt          0x0000abdc        0x0 build/boot.o

.rodata         0x0000abdc      0x574
 *(.rodata)
 .rodata        0x0000abdc      0x148 build/main.o
                0x0000abdc                MS1
                0x0000abf4                MS2
                0x0000ac2c                MS3
                0x0000ac38                MS4
 .rodata        0x0000ad24      0x42c build/softfloat.o

.rel.dyn        0x0000b150        0x0
 .rel.iplt      0x0000b150        0x0 build/boot.o

.data           0x0000b150       0x20
 *(.data)
 .data          0x0000b150        0x0 build/boot.o
 .data          0x0000b150        0x0 build/calculator.o
 .data          0x0000b150        0x0 build/uart.o
 .data          0x0000b150        0x0 build/spi.o
 .data          0x0000b150        0x0 build/bcm2835.o
 .data          0x0000b150       0x1c build/main.o
                0x0000b150                bcm2835_gpio
                0x0000b154                bcm2835_clk
                0x0000b158                bcm2835_pads
                0x0000b15c                bcm2835_spi0
                0x0000b160                bcm2835_bsc0
                0x0000b164                bcm2835_bsc1
                0x0000b168                bcm2835_st
 .data          0x0000b16c        0x0 build/softfloat.o
 .data          0x0000b16c        0x0 build/can.o
 .data          0x0000b16c        0x4 build/i2c.o

.igot.plt       0x0000b170        0x0
 .igot.plt      0x0000b170        0x0 build/boot.o

.bss            0x0000b170       0x34
 *(.bss)
 .bss           0x0000b170        0x0 build/boot.o
 .bss           0x0000b170        0x0 build/calculator.o
 .bss           0x0000b170        0x0 build/uart.o
 .bss           0x0000b170        0x0 build/spi.o
 .bss           0x0000b170        0x0 build/bcm2835.o
 .bss           0x0000b170       0x18 build/main.o
                0x0000b170                response
                0x0000b171                num1_c
                0x0000b174                num1_i
                0x0000b178                num2_c
                0x0000b17c                num2_i
                0x0000b180                result
                0x0000b184                div_remainder
 .bss           0x0000b188        0x4 build/softfloat.o
                0x0000b188                float_detect_tininess
 .bss           0x0000b18c        0x0 build/can.o
 .bss           0x0000b18c        0x0 build/i2c.o
 COMMON         0x0000b18c       0x18 build/main.o
                0x0000b18c                float_exception_flags
                0x0000b18d                float_rounding_mode
                0x0000b190                result_response
OUTPUT(build/output.elf elf32-littlearm)

.ARM.attributes
                0x00000000       0x29
 .ARM.attributes
                0x00000000       0x16 build/boot.o
 .ARM.attributes
                0x00000016       0x18 build/calculator.o
 .ARM.attributes
                0x0000002e       0x2d build/uart.o
 .ARM.attributes
                0x0000005b       0x2d build/spi.o
 .ARM.attributes
                0x00000088       0x2d build/bcm2835.o
 .ARM.attributes
                0x000000b5       0x2d build/main.o
 .ARM.attributes
                0x000000e2       0x2d build/softfloat.o
 .ARM.attributes
                0x0000010f       0x2d build/can.o
 .ARM.attributes
                0x0000013c       0x2d build/i2c.o

.comment        0x00000000       0x26
 .comment       0x00000000       0x26 build/uart.o
                                 0x27 (size before relaxing)
 .comment       0x00000026       0x27 build/spi.o
 .comment       0x00000026       0x27 build/bcm2835.o
 .comment       0x00000026       0x27 build/main.o
 .comment       0x00000026       0x27 build/softfloat.o
 .comment       0x00000026       0x27 build/can.o
 .comment       0x00000026       0x27 build/i2c.o

.note.GNU-stack
                0x00000000        0x0
 .note.GNU-stack
                0x00000000        0x0 build/uart.o
 .note.GNU-stack
                0x00000000        0x0 build/spi.o
 .note.GNU-stack
                0x00000000        0x0 build/bcm2835.o
 .note.GNU-stack
                0x00000000        0x0 build/main.o
 .note.GNU-stack
                0x00000000        0x0 build/softfloat.o
 .note.GNU-stack
                0x00000000        0x0 build/can.o
 .note.GNU-stack
                0x00000000        0x0 build/i2c.o
