
Allocating common symbols
Common symbol       size              file

float_exception_flags
                    0x1               build/main.o
float_rounding_mode
                    0x1               build/main.o
result_response     0x14              build/main.o

Memory Configuration

Name             Origin             Length             Attributes
*default*        0x00000000         0xffffffff

Linker script and memory map

LOAD build/boot.o
LOAD build/calculator.o
LOAD build/uart.o
LOAD build/spi.o
LOAD build/bcm2835.o
LOAD build/main.o
LOAD build/softfloat.o
LOAD build/can.o
LOAD build/i2c.o
                0x00000000                . = 0x0

.text           0x00000000     0xaaec
 *(.text)
 .text          0x00000000     0x8104 build/boot.o
                0x00000000                vectors
                0x00008000                reset
                0x000080b0                reboot
                0x000080b4                enable_arm_irq
                0x000080c4                disable_arm_irq
                0x000080d4                enable_arm_fiq
                0x000080e4                disable_arm_fiq
                0x000080f4                vfp11_add
 .text          0x00008104      0x204 build/calculator.o
                0x00008104                add
                0x0000810c                subtract
                0x00008114                multiply
                0x0000811c                divide
                0x0000815c                divide_2
 .text          0x00008308      0x230 build/uart.o
                0x0000839c                uart_init
                0x00008458                uart_putc
                0x000084ac                uart_readc
                0x000084f4                uart_puts
 .text          0x00008538      0x164 build/spi.o
                0x00008538                bcm2835_spi_begin
                0x000085b0                bcm2835_spi_end
                0x000085f8                bcm2835_spi_setBitOrder
                0x00008618                bcm2835_spi_setClockDivider
                0x00008658                bcm2835_spi_setDataMode
 .text          0x0000869c      0x600 build/bcm2835.o
                0x0000869c                bcm2835_st_read
                0x0000872c                bcm2835_spi_transfernb
                0x00008878                bcm2835_gpio_set
                0x000088e0                bcm2835_gpio_fsel
                0x000089a0                bcm2835_peri_read
                0x000089dc                bcm2835_st_delay
                0x00008a24                bcm2835_delayMicroseconds
                0x00008a50                bcm2835_peri_read_nb
                0x00008a78                bcm2835_peri_write
                0x00008ab0                bcm2835_peri_write_nb
                0x00008adc                bcm2835_peri_set_bits
                0x00008b38                bcm2835_gpio_clr
                0x00008ba0                bcm2835_gpio_write
                0x00008bf0                bcm2835_spi_chipSelect
                0x00008c30                bcm2835_spi_setChipSelectPolarity
 .text          0x00008c9c      0x5f4 build/main.o
                0x00008cd0                testdelay
                0x00008d10                enable_irq_57
                0x00008d2c                disable_irq_57
                0x00008d48                banner
                0x00008d6c                BCDtoUint8
                0x00008dc4                RES
                0x00008dd4                MENU
                0x00008dec                wait_for_response
                0x00008e24                char_to_int
                0x00008e50                itoa
                0x00008f90                get_numbers
                0x00009058                ADD
                0x000090c8                SUBTRACT
                0x00009138                DIVIDE
                0x00009154                MULTIPLY
                0x00009170                command
                0x00009228                kernel_main
                0x0000924c                irq_handler
 .text          0x00009290     0x1358 build/softfloat.o
                0x00009290                float32_is_signaling_nan
                0x000092f0                float32_is_nan
                0x00009328                extractFloat32Frac
                0x00009354                extractFloat32Exp
                0x00009380                extractFloat32Sign
                0x000094fc                shift32RightJamming
                0x000095a4                packFloat32
                0x00009b10                float_raise
                0x00009f3c                float32_add
                0x00009fb0                float32_sub
                0x0000a024                expo
                0x0000a080                digits
                0x0000a0f4                getfraction
                0x0000a1d4                ASCII_to_float32
                0x0000a5c0                float32_to_ASCII
 .text          0x0000a5e8      0x1e0 build/can.o
                0x0000a5e8                spitocan
                0x0000a6b4                cantospi
                0x0000a77c                initCAN
                0x0000a790                CANtransmit
                0x0000a7b0                CANreceive
 .text          0x0000a7c8      0x324 build/i2c.o
                0x0000a7c8                bcm2835_i2c_begin
                0x0000a7ec                bcm2835_i2c_end
                0x0000a810                bcm2835_i2c_setSlaveAddress
                0x0000a850                bcm2835_i2c_setClockDivider
                0x0000a890                bcm2835_i2c_write
                0x0000a960                bcm2835_i2c_read

.glue_7         0x0000aaec        0x0
 .glue_7        0x0000aaec        0x0 linker stubs

.glue_7t        0x0000aaec        0x0
 .glue_7t       0x0000aaec        0x0 linker stubs

.vfp11_veneer   0x0000aaec        0x0
 .vfp11_veneer  0x0000aaec        0x0 linker stubs

.v4_bx          0x0000aaec        0x0
 .v4_bx         0x0000aaec        0x0 linker stubs

.iplt           0x0000aaec        0x0
 .iplt          0x0000aaec        0x0 build/boot.o

.rodata         0x0000aaec      0x528
 *(.rodata)
 .rodata        0x0000aaec       0xfc build/main.o
                0x0000aaec                MS1
                0x0000ab04                MS2
                0x0000ab3c                MS3
                0x0000ab48                MS4
 .rodata        0x0000abe8      0x42c build/softfloat.o

.rel.dyn        0x0000b014        0x0
 .rel.iplt      0x0000b014        0x0 build/boot.o

.data           0x0000b014       0x20
 *(.data)
 .data          0x0000b014        0x0 build/boot.o
 .data          0x0000b014        0x0 build/calculator.o
 .data          0x0000b014        0x0 build/uart.o
 .data          0x0000b014        0x0 build/spi.o
 .data          0x0000b014        0x0 build/bcm2835.o
 .data          0x0000b014       0x1c build/main.o
                0x0000b014                bcm2835_gpio
                0x0000b018                bcm2835_clk
                0x0000b01c                bcm2835_pads
                0x0000b020                bcm2835_spi0
                0x0000b024                bcm2835_bsc0
                0x0000b028                bcm2835_bsc1
                0x0000b02c                bcm2835_st
 .data          0x0000b030        0x0 build/softfloat.o
 .data          0x0000b030        0x0 build/can.o
 .data          0x0000b030        0x4 build/i2c.o

.igot.plt       0x0000b034        0x0
 .igot.plt      0x0000b034        0x0 build/boot.o

.bss            0x0000b034       0x34
 *(.bss)
 .bss           0x0000b034        0x0 build/boot.o
 .bss           0x0000b034        0x0 build/calculator.o
 .bss           0x0000b034        0x0 build/uart.o
 .bss           0x0000b034        0x0 build/spi.o
 .bss           0x0000b034        0x0 build/bcm2835.o
 .bss           0x0000b034       0x18 build/main.o
                0x0000b034                response
                0x0000b035                num_1
                0x0000b038                number1
                0x0000b03c                num_2
                0x0000b040                number2
                0x0000b044                result
                0x0000b048                div_remainder
 .bss           0x0000b04c        0x4 build/softfloat.o
                0x0000b04c                float_detect_tininess
 .bss           0x0000b050        0x0 build/can.o
 .bss           0x0000b050        0x0 build/i2c.o
 COMMON         0x0000b050       0x18 build/main.o
                0x0000b050                float_exception_flags
                0x0000b051                float_rounding_mode
                0x0000b054                result_response
OUTPUT(build/output.elf elf32-littlearm)

.ARM.attributes
                0x00000000       0x29
 .ARM.attributes
                0x00000000       0x16 build/boot.o
 .ARM.attributes
                0x00000016       0x18 build/calculator.o
 .ARM.attributes
                0x0000002e       0x2d build/uart.o
 .ARM.attributes
                0x0000005b       0x2d build/spi.o
 .ARM.attributes
                0x00000088       0x2d build/bcm2835.o
 .ARM.attributes
                0x000000b5       0x2d build/main.o
 .ARM.attributes
                0x000000e2       0x2d build/softfloat.o
 .ARM.attributes
                0x0000010f       0x2d build/can.o
 .ARM.attributes
                0x0000013c       0x2d build/i2c.o

.comment        0x00000000       0x26
 .comment       0x00000000       0x26 build/uart.o
                                 0x27 (size before relaxing)
 .comment       0x00000026       0x27 build/spi.o
 .comment       0x00000026       0x27 build/bcm2835.o
 .comment       0x00000026       0x27 build/main.o
 .comment       0x00000026       0x27 build/softfloat.o
 .comment       0x00000026       0x27 build/can.o
 .comment       0x00000026       0x27 build/i2c.o

.note.GNU-stack
                0x00000000        0x0
 .note.GNU-stack
                0x00000000        0x0 build/uart.o
 .note.GNU-stack
                0x00000000        0x0 build/spi.o
 .note.GNU-stack
                0x00000000        0x0 build/bcm2835.o
 .note.GNU-stack
                0x00000000        0x0 build/main.o
 .note.GNU-stack
                0x00000000        0x0 build/softfloat.o
 .note.GNU-stack
                0x00000000        0x0 build/can.o
 .note.GNU-stack
                0x00000000        0x0 build/i2c.o
