
Allocating common symbols
Common symbol       size              file

response_buffer     0x14              build/main.o
float_exception_flags
                    0x1               build/main.o
float_rounding_mode
                    0x1               build/main.o
result_response     0x14              build/main.o

Memory Configuration

Name             Origin             Length             Attributes
*default*        0x00000000         0xffffffff

Linker script and memory map

LOAD build/boot.o
LOAD build/calculator.o
LOAD build/uart.o
LOAD build/spi.o
LOAD build/bcm2835.o
LOAD build/main.o
LOAD build/softfloat.o
LOAD build/can.o
LOAD build/i2c.o
                0x00000000                . = 0x0

.text           0x00000000     0xacc4
 *(.text)
 .text          0x00000000     0x8104 build/boot.o
                0x00000000                vectors
                0x00008000                reset
                0x000080b0                reboot
                0x000080b4                enable_arm_irq
                0x000080c4                disable_arm_irq
                0x000080d4                enable_arm_fiq
                0x000080e4                disable_arm_fiq
                0x000080f4                vfp11_add
 .text          0x00008104      0x204 build/calculator.o
                0x00008104                add
                0x0000810c                subtract
                0x00008114                multiply
                0x0000811c                divide
                0x0000815c                divide_2
 .text          0x00008308      0x230 build/uart.o
                0x0000839c                uart_init
                0x00008458                uart_putc
                0x000084ac                uart_readc
                0x000084f4                uart_puts
 .text          0x00008538      0x164 build/spi.o
                0x00008538                bcm2835_spi_begin
                0x000085b0                bcm2835_spi_end
                0x000085f8                bcm2835_spi_setBitOrder
                0x00008618                bcm2835_spi_setClockDivider
                0x00008658                bcm2835_spi_setDataMode
 .text          0x0000869c      0x600 build/bcm2835.o
                0x0000869c                bcm2835_st_read
                0x0000872c                bcm2835_spi_transfernb
                0x00008878                bcm2835_gpio_set
                0x000088e0                bcm2835_gpio_fsel
                0x000089a0                bcm2835_peri_read
                0x000089dc                bcm2835_st_delay
                0x00008a24                bcm2835_delayMicroseconds
                0x00008a50                bcm2835_peri_read_nb
                0x00008a78                bcm2835_peri_write
                0x00008ab0                bcm2835_peri_write_nb
                0x00008adc                bcm2835_peri_set_bits
                0x00008b38                bcm2835_gpio_clr
                0x00008ba0                bcm2835_gpio_write
                0x00008bf0                bcm2835_spi_chipSelect
                0x00008c30                bcm2835_spi_setChipSelectPolarity
 .text          0x00008c9c      0x7cc build/main.o
                0x00008cd0                testdelay
                0x00008d10                multi_char_delay
                0x00008d50                enable_irq_57
                0x00008d6c                disable_irq_57
                0x00008d88                banner
                0x00008dac                BCDtoUint8
                0x00008e04                RES
                0x00008e14                MENU
                0x00008e2c                wait_for_response
                0x00008e64                char_to_int
                0x00008e90                itoa
                0x00008fd0                get_number
                0x00009084                get_numbers
                0x000090d0                ADD
                0x00009190                SUBTRACT
                0x00009250                DIVIDE
                0x0000926c                MULTIPLY
                0x0000932c                command
                0x00009400                kernel_main
                0x00009424                irq_handler
 .text          0x00009468     0x1358 build/softfloat.o
                0x00009468                float32_is_signaling_nan
                0x000094c8                float32_is_nan
                0x00009500                extractFloat32Frac
                0x0000952c                extractFloat32Exp
                0x00009558                extractFloat32Sign
                0x000096d4                shift32RightJamming
                0x0000977c                packFloat32
                0x00009ce8                float_raise
                0x0000a114                float32_add
                0x0000a188                float32_sub
                0x0000a1fc                expo
                0x0000a258                digits
                0x0000a2cc                getfraction
                0x0000a3ac                ASCII_to_float32
                0x0000a798                float32_to_ASCII
 .text          0x0000a7c0      0x1e0 build/can.o
                0x0000a7c0                spitocan
                0x0000a88c                cantospi
                0x0000a954                initCAN
                0x0000a968                CANtransmit
                0x0000a988                CANreceive
 .text          0x0000a9a0      0x324 build/i2c.o
                0x0000a9a0                bcm2835_i2c_begin
                0x0000a9c4                bcm2835_i2c_end
                0x0000a9e8                bcm2835_i2c_setSlaveAddress
                0x0000aa28                bcm2835_i2c_setClockDivider
                0x0000aa68                bcm2835_i2c_write
                0x0000ab38                bcm2835_i2c_read

.glue_7         0x0000acc4        0x0
 .glue_7        0x0000acc4        0x0 linker stubs

.glue_7t        0x0000acc4        0x0
 .glue_7t       0x0000acc4        0x0 linker stubs

.vfp11_veneer   0x0000acc4        0x0
 .vfp11_veneer  0x0000acc4        0x0 linker stubs

.v4_bx          0x0000acc4        0x0
 .v4_bx         0x0000acc4        0x0 linker stubs

.iplt           0x0000acc4        0x0
 .iplt          0x0000acc4        0x0 build/boot.o

.rodata         0x0000acc4      0x568
 *(.rodata)
 .rodata        0x0000acc4      0x13c build/main.o
                0x0000acc4                MS1
                0x0000acdc                MS2
                0x0000ad14                MS3
                0x0000ad20                MS4
 .rodata        0x0000ae00      0x42c build/softfloat.o

.rel.dyn        0x0000b22c        0x0
 .rel.iplt      0x0000b22c        0x0 build/boot.o

.data           0x0000b22c       0x20
 *(.data)
 .data          0x0000b22c        0x0 build/boot.o
 .data          0x0000b22c        0x0 build/calculator.o
 .data          0x0000b22c        0x0 build/uart.o
 .data          0x0000b22c        0x0 build/spi.o
 .data          0x0000b22c        0x0 build/bcm2835.o
 .data          0x0000b22c       0x1c build/main.o
                0x0000b22c                bcm2835_gpio
                0x0000b230                bcm2835_clk
                0x0000b234                bcm2835_pads
                0x0000b238                bcm2835_spi0
                0x0000b23c                bcm2835_bsc0
                0x0000b240                bcm2835_bsc1
                0x0000b244                bcm2835_st
 .data          0x0000b248        0x0 build/softfloat.o
 .data          0x0000b248        0x0 build/can.o
 .data          0x0000b248        0x4 build/i2c.o

.igot.plt       0x0000b24c        0x0
 .igot.plt      0x0000b24c        0x0 build/boot.o

.bss            0x0000b24c       0x50
 *(.bss)
 .bss           0x0000b24c        0x0 build/boot.o
 .bss           0x0000b24c        0x0 build/calculator.o
 .bss           0x0000b24c        0x0 build/uart.o
 .bss           0x0000b24c        0x0 build/spi.o
 .bss           0x0000b24c        0x0 build/bcm2835.o
 .bss           0x0000b24c       0x20 build/main.o
                0x0000b24c                response
                0x0000b250                buffer_position
                0x0000b254                num1_c
                0x0000b258                num1_i
                0x0000b25c                num2_c
                0x0000b260                num2_i
                0x0000b264                result
                0x0000b268                div_remainder
 .bss           0x0000b26c        0x4 build/softfloat.o
                0x0000b26c                float_detect_tininess
 .bss           0x0000b270        0x0 build/can.o
 .bss           0x0000b270        0x0 build/i2c.o
 COMMON         0x0000b270       0x2c build/main.o
                0x0000b270                response_buffer
                0x0000b284                float_exception_flags
                0x0000b285                float_rounding_mode
                0x0000b288                result_response
OUTPUT(build/output.elf elf32-littlearm)

.ARM.attributes
                0x00000000       0x29
 .ARM.attributes
                0x00000000       0x16 build/boot.o
 .ARM.attributes
                0x00000016       0x18 build/calculator.o
 .ARM.attributes
                0x0000002e       0x2d build/uart.o
 .ARM.attributes
                0x0000005b       0x2d build/spi.o
 .ARM.attributes
                0x00000088       0x2d build/bcm2835.o
 .ARM.attributes
                0x000000b5       0x2d build/main.o
 .ARM.attributes
                0x000000e2       0x2d build/softfloat.o
 .ARM.attributes
                0x0000010f       0x2d build/can.o
 .ARM.attributes
                0x0000013c       0x2d build/i2c.o

.comment        0x00000000       0x26
 .comment       0x00000000       0x26 build/uart.o
                                 0x27 (size before relaxing)
 .comment       0x00000026       0x27 build/spi.o
 .comment       0x00000026       0x27 build/bcm2835.o
 .comment       0x00000026       0x27 build/main.o
 .comment       0x00000026       0x27 build/softfloat.o
 .comment       0x00000026       0x27 build/can.o
 .comment       0x00000026       0x27 build/i2c.o

.note.GNU-stack
                0x00000000        0x0
 .note.GNU-stack
                0x00000000        0x0 build/uart.o
 .note.GNU-stack
                0x00000000        0x0 build/spi.o
 .note.GNU-stack
                0x00000000        0x0 build/bcm2835.o
 .note.GNU-stack
                0x00000000        0x0 build/main.o
 .note.GNU-stack
                0x00000000        0x0 build/softfloat.o
 .note.GNU-stack
                0x00000000        0x0 build/can.o
 .note.GNU-stack
                0x00000000        0x0 build/i2c.o
