
Allocating common symbols
Common symbol       size              file

float_exception_flags
                    0x1               build/main.o
float_rounding_mode
                    0x1               build/main.o

Memory Configuration

Name             Origin             Length             Attributes
*default*        0x00000000         0xffffffff

Linker script and memory map

LOAD build/boot.o
LOAD build/uart.o
LOAD build/spi.o
LOAD build/bcm2835.o
LOAD build/main.o
LOAD build/softfloat.o
LOAD build/can.o
LOAD build/i2c.o
                0x00000000                . = 0x0

.text           0x00000000     0xa5e0
 *(.text)
 .text          0x00000000     0x8104 build/boot.o
                0x00000000                vectors
                0x00008000                reset
                0x000080b0                reboot
                0x000080b4                enable_arm_irq
                0x000080c4                disable_arm_irq
                0x000080d4                enable_arm_fiq
                0x000080e4                disable_arm_fiq
                0x000080f4                vfp11_add
 .text          0x00008104      0x230 build/uart.o
                0x00008198                uart_init
                0x00008254                uart_putc
                0x000082a8                uart_readc
                0x000082f0                uart_puts
 .text          0x00008334      0x164 build/spi.o
                0x00008334                bcm2835_spi_begin
                0x000083ac                bcm2835_spi_end
                0x000083f4                bcm2835_spi_setBitOrder
                0x00008414                bcm2835_spi_setClockDivider
                0x00008454                bcm2835_spi_setDataMode
 .text          0x00008498      0x600 build/bcm2835.o
                0x00008498                bcm2835_st_read
                0x00008528                bcm2835_spi_transfernb
                0x00008674                bcm2835_gpio_set
                0x000086dc                bcm2835_gpio_fsel
                0x0000879c                bcm2835_peri_read
                0x000087d8                bcm2835_st_delay
                0x00008820                bcm2835_delayMicroseconds
                0x0000884c                bcm2835_peri_read_nb
                0x00008874                bcm2835_peri_write
                0x000088ac                bcm2835_peri_write_nb
                0x000088d8                bcm2835_peri_set_bits
                0x00008934                bcm2835_gpio_clr
                0x0000899c                bcm2835_gpio_write
                0x000089ec                bcm2835_spi_chipSelect
                0x00008a2c                bcm2835_spi_setChipSelectPolarity
 .text          0x00008a98      0x2ec build/main.o
                0x00008acc                testdelay
                0x00008b0c                enable_irq_57
                0x00008b28                disable_irq_57
                0x00008b44                banner
                0x00008b68                BCDtoUint8
                0x00008bc0                RES
                0x00008bd0                MENU
                0x00008be8                ADD
                0x00008c00                SUBTRACT
                0x00008c18                DIVIDE
                0x00008c30                MULTIPLY
                0x00008c48                command
                0x00008d1c                kernel_main
                0x00008d40                irq_handler
 .text          0x00008d84     0x1358 build/softfloat.o
                0x00008d84                float32_is_signaling_nan
                0x00008de4                float32_is_nan
                0x00008e1c                extractFloat32Frac
                0x00008e48                extractFloat32Exp
                0x00008e74                extractFloat32Sign
                0x00008ff0                shift32RightJamming
                0x00009098                packFloat32
                0x00009604                float_raise
                0x00009a30                float32_add
                0x00009aa4                float32_sub
                0x00009b18                expo
                0x00009b74                digits
                0x00009be8                getfraction
                0x00009cc8                ASCII_to_float32
                0x0000a0b4                float32_to_ASCII
 .text          0x0000a0dc      0x1e0 build/can.o
                0x0000a0dc                spitocan
                0x0000a1a8                cantospi
                0x0000a270                initCAN
                0x0000a284                CANtransmit
                0x0000a2a4                CANreceive
 .text          0x0000a2bc      0x324 build/i2c.o
                0x0000a2bc                bcm2835_i2c_begin
                0x0000a2e0                bcm2835_i2c_end
                0x0000a304                bcm2835_i2c_setSlaveAddress
                0x0000a344                bcm2835_i2c_setClockDivider
                0x0000a384                bcm2835_i2c_write
                0x0000a454                bcm2835_i2c_read

.glue_7         0x0000a5e0        0x0
 .glue_7        0x0000a5e0        0x0 linker stubs

.glue_7t        0x0000a5e0        0x0
 .glue_7t       0x0000a5e0        0x0 linker stubs

.vfp11_veneer   0x0000a5e0        0x0
 .vfp11_veneer  0x0000a5e0        0x0 linker stubs

.v4_bx          0x0000a5e0        0x0
 .v4_bx         0x0000a5e0        0x0 linker stubs

.iplt           0x0000a5e0        0x0
 .iplt          0x0000a5e0        0x0 build/boot.o

.rodata         0x0000a5e0      0x4fc
 *(.rodata)
 .rodata        0x0000a5e0       0xd0 build/main.o
                0x0000a5e0                MS1
                0x0000a5f8                MS2
                0x0000a630                MS3
                0x0000a63c                MS4
 .rodata        0x0000a6b0      0x42c build/softfloat.o

.rel.dyn        0x0000aadc        0x0
 .rel.iplt      0x0000aadc        0x0 build/boot.o

.data           0x0000aadc       0x20
 *(.data)
 .data          0x0000aadc        0x0 build/boot.o
 .data          0x0000aadc        0x0 build/uart.o
 .data          0x0000aadc        0x0 build/spi.o
 .data          0x0000aadc        0x0 build/bcm2835.o
 .data          0x0000aadc       0x1c build/main.o
                0x0000aadc                bcm2835_gpio
                0x0000aae0                bcm2835_clk
                0x0000aae4                bcm2835_pads
                0x0000aae8                bcm2835_spi0
                0x0000aaec                bcm2835_bsc0
                0x0000aaf0                bcm2835_bsc1
                0x0000aaf4                bcm2835_st
 .data          0x0000aaf8        0x0 build/softfloat.o
 .data          0x0000aaf8        0x0 build/can.o
 .data          0x0000aaf8        0x4 build/i2c.o

.igot.plt       0x0000aafc        0x0
 .igot.plt      0x0000aafc        0x0 build/boot.o

.bss            0x0000aafc        0xa
 *(.bss)
 .bss           0x0000aafc        0x0 build/boot.o
 .bss           0x0000aafc        0x0 build/uart.o
 .bss           0x0000aafc        0x0 build/spi.o
 .bss           0x0000aafc        0x0 build/bcm2835.o
 .bss           0x0000aafc        0x1 build/main.o
                0x0000aafc                response
 *fill*         0x0000aafd        0x3 
 .bss           0x0000ab00        0x4 build/softfloat.o
                0x0000ab00                float_detect_tininess
 .bss           0x0000ab04        0x0 build/can.o
 .bss           0x0000ab04        0x0 build/i2c.o
 COMMON         0x0000ab04        0x2 build/main.o
                0x0000ab04                float_exception_flags
                0x0000ab05                float_rounding_mode
OUTPUT(build/output.elf elf32-littlearm)

.ARM.attributes
                0x00000000       0x29
 .ARM.attributes
                0x00000000       0x16 build/boot.o
 .ARM.attributes
                0x00000016       0x2d build/uart.o
 .ARM.attributes
                0x00000043       0x2d build/spi.o
 .ARM.attributes
                0x00000070       0x2d build/bcm2835.o
 .ARM.attributes
                0x0000009d       0x2d build/main.o
 .ARM.attributes
                0x000000ca       0x2d build/softfloat.o
 .ARM.attributes
                0x000000f7       0x2d build/can.o
 .ARM.attributes
                0x00000124       0x2d build/i2c.o

.comment        0x00000000       0x26
 .comment       0x00000000       0x26 build/uart.o
                                 0x27 (size before relaxing)
 .comment       0x00000026       0x27 build/spi.o
 .comment       0x00000026       0x27 build/bcm2835.o
 .comment       0x00000026       0x27 build/main.o
 .comment       0x00000026       0x27 build/softfloat.o
 .comment       0x00000026       0x27 build/can.o
 .comment       0x00000026       0x27 build/i2c.o

.note.GNU-stack
                0x00000000        0x0
 .note.GNU-stack
                0x00000000        0x0 build/uart.o
 .note.GNU-stack
                0x00000000        0x0 build/spi.o
 .note.GNU-stack
                0x00000000        0x0 build/bcm2835.o
 .note.GNU-stack
                0x00000000        0x0 build/main.o
 .note.GNU-stack
                0x00000000        0x0 build/softfloat.o
 .note.GNU-stack
                0x00000000        0x0 build/can.o
 .note.GNU-stack
                0x00000000        0x0 build/i2c.o
