
Allocating common symbols
Common symbol       size              file

float_exception_flags
                    0x1               build/main.o
float_rounding_mode
                    0x1               build/main.o

Memory Configuration

Name             Origin             Length             Attributes
*default*        0x00000000         0xffffffff

Linker script and memory map

LOAD build/boot.o
LOAD build/calculator.o
LOAD build/uart.o
LOAD build/spi.o
LOAD build/bcm2835.o
LOAD build/main.o
LOAD build/softfloat.o
LOAD build/can.o
LOAD build/i2c.o
                0x00000000                . = 0x0

.text           0x00000000     0xaa04
 *(.text)
 .text          0x00000000     0x8104 build/boot.o
                0x00000000                vectors
                0x00008000                reset
                0x000080b0                reboot
                0x000080b4                enable_arm_irq
                0x000080c4                disable_arm_irq
                0x000080d4                enable_arm_fiq
                0x000080e4                disable_arm_fiq
                0x000080f4                vfp11_add
 .text          0x00008104      0x204 build/calculator.o
                0x00008104                add
                0x0000810c                subtract
                0x00008114                multiply
                0x0000811c                divide
                0x0000815c                divide_2
 .text          0x00008308      0x230 build/uart.o
                0x0000839c                uart_init
                0x00008458                uart_putc
                0x000084ac                uart_readc
                0x000084f4                uart_puts
 .text          0x00008538      0x164 build/spi.o
                0x00008538                bcm2835_spi_begin
                0x000085b0                bcm2835_spi_end
                0x000085f8                bcm2835_spi_setBitOrder
                0x00008618                bcm2835_spi_setClockDivider
                0x00008658                bcm2835_spi_setDataMode
 .text          0x0000869c      0x600 build/bcm2835.o
                0x0000869c                bcm2835_st_read
                0x0000872c                bcm2835_spi_transfernb
                0x00008878                bcm2835_gpio_set
                0x000088e0                bcm2835_gpio_fsel
                0x000089a0                bcm2835_peri_read
                0x000089dc                bcm2835_st_delay
                0x00008a24                bcm2835_delayMicroseconds
                0x00008a50                bcm2835_peri_read_nb
                0x00008a78                bcm2835_peri_write
                0x00008ab0                bcm2835_peri_write_nb
                0x00008adc                bcm2835_peri_set_bits
                0x00008b38                bcm2835_gpio_clr
                0x00008ba0                bcm2835_gpio_write
                0x00008bf0                bcm2835_spi_chipSelect
                0x00008c30                bcm2835_spi_setChipSelectPolarity
 .text          0x00008c9c      0x50c build/main.o
                0x00008cd0                testdelay
                0x00008d10                enable_irq_57
                0x00008d2c                disable_irq_57
                0x00008d48                banner
                0x00008d6c                BCDtoUint8
                0x00008dc4                RES
                0x00008dd4                MENU
                0x00008dec                wait_for_response
                0x00008e24                char_to_int
                0x00008e50                int_to_char
                0x00008e80                get_numbers
                0x00008f48                ADD
                0x00008fcc                SUBTRACT
                0x00009050                DIVIDE
                0x0000906c                MULTIPLY
                0x00009088                command
                0x00009140                kernel_main
                0x00009164                irq_handler
 .text          0x000091a8     0x1358 build/softfloat.o
                0x000091a8                float32_is_signaling_nan
                0x00009208                float32_is_nan
                0x00009240                extractFloat32Frac
                0x0000926c                extractFloat32Exp
                0x00009298                extractFloat32Sign
                0x00009414                shift32RightJamming
                0x000094bc                packFloat32
                0x00009a28                float_raise
                0x00009e54                float32_add
                0x00009ec8                float32_sub
                0x00009f3c                expo
                0x00009f98                digits
                0x0000a00c                getfraction
                0x0000a0ec                ASCII_to_float32
                0x0000a4d8                float32_to_ASCII
 .text          0x0000a500      0x1e0 build/can.o
                0x0000a500                spitocan
                0x0000a5cc                cantospi
                0x0000a694                initCAN
                0x0000a6a8                CANtransmit
                0x0000a6c8                CANreceive
 .text          0x0000a6e0      0x324 build/i2c.o
                0x0000a6e0                bcm2835_i2c_begin
                0x0000a704                bcm2835_i2c_end
                0x0000a728                bcm2835_i2c_setSlaveAddress
                0x0000a768                bcm2835_i2c_setClockDivider
                0x0000a7a8                bcm2835_i2c_write
                0x0000a878                bcm2835_i2c_read

.glue_7         0x0000aa04        0x0
 .glue_7        0x0000aa04        0x0 linker stubs

.glue_7t        0x0000aa04        0x0
 .glue_7t       0x0000aa04        0x0 linker stubs

.vfp11_veneer   0x0000aa04        0x0
 .vfp11_veneer  0x0000aa04        0x0 linker stubs

.v4_bx          0x0000aa04        0x0
 .v4_bx         0x0000aa04        0x0 linker stubs

.iplt           0x0000aa04        0x0
 .iplt          0x0000aa04        0x0 build/boot.o

.rodata         0x0000aa04      0x51c
 *(.rodata)
 .rodata        0x0000aa04       0xf0 build/main.o
                0x0000aa04                MS1
                0x0000aa1c                MS2
                0x0000aa54                MS3
                0x0000aa60                MS4
 .rodata        0x0000aaf4      0x42c build/softfloat.o

.rel.dyn        0x0000af20        0x0
 .rel.iplt      0x0000af20        0x0 build/boot.o

.data           0x0000af20       0x20
 *(.data)
 .data          0x0000af20        0x0 build/boot.o
 .data          0x0000af20        0x0 build/calculator.o
 .data          0x0000af20        0x0 build/uart.o
 .data          0x0000af20        0x0 build/spi.o
 .data          0x0000af20        0x0 build/bcm2835.o
 .data          0x0000af20       0x1c build/main.o
                0x0000af20                bcm2835_gpio
                0x0000af24                bcm2835_clk
                0x0000af28                bcm2835_pads
                0x0000af2c                bcm2835_spi0
                0x0000af30                bcm2835_bsc0
                0x0000af34                bcm2835_bsc1
                0x0000af38                bcm2835_st
 .data          0x0000af3c        0x0 build/softfloat.o
 .data          0x0000af3c        0x0 build/can.o
 .data          0x0000af3c        0x4 build/i2c.o

.igot.plt       0x0000af40        0x0
 .igot.plt      0x0000af40        0x0 build/boot.o

.bss            0x0000af40       0x22
 *(.bss)
 .bss           0x0000af40        0x0 build/boot.o
 .bss           0x0000af40        0x0 build/calculator.o
 .bss           0x0000af40        0x0 build/uart.o
 .bss           0x0000af40        0x0 build/spi.o
 .bss           0x0000af40        0x0 build/bcm2835.o
 .bss           0x0000af40       0x1c build/main.o
                0x0000af40                response
                0x0000af41                num_1
                0x0000af44                number1
                0x0000af48                num_2
                0x0000af4c                number2
                0x0000af50                result
                0x0000af54                div_remainder
                0x0000af58                result_response
 .bss           0x0000af5c        0x4 build/softfloat.o
                0x0000af5c                float_detect_tininess
 .bss           0x0000af60        0x0 build/can.o
 .bss           0x0000af60        0x0 build/i2c.o
 COMMON         0x0000af60        0x2 build/main.o
                0x0000af60                float_exception_flags
                0x0000af61                float_rounding_mode
OUTPUT(build/output.elf elf32-littlearm)

.ARM.attributes
                0x00000000       0x29
 .ARM.attributes
                0x00000000       0x16 build/boot.o
 .ARM.attributes
                0x00000016       0x18 build/calculator.o
 .ARM.attributes
                0x0000002e       0x2d build/uart.o
 .ARM.attributes
                0x0000005b       0x2d build/spi.o
 .ARM.attributes
                0x00000088       0x2d build/bcm2835.o
 .ARM.attributes
                0x000000b5       0x2d build/main.o
 .ARM.attributes
                0x000000e2       0x2d build/softfloat.o
 .ARM.attributes
                0x0000010f       0x2d build/can.o
 .ARM.attributes
                0x0000013c       0x2d build/i2c.o

.comment        0x00000000       0x26
 .comment       0x00000000       0x26 build/uart.o
                                 0x27 (size before relaxing)
 .comment       0x00000026       0x27 build/spi.o
 .comment       0x00000026       0x27 build/bcm2835.o
 .comment       0x00000026       0x27 build/main.o
 .comment       0x00000026       0x27 build/softfloat.o
 .comment       0x00000026       0x27 build/can.o
 .comment       0x00000026       0x27 build/i2c.o

.note.GNU-stack
                0x00000000        0x0
 .note.GNU-stack
                0x00000000        0x0 build/uart.o
 .note.GNU-stack
                0x00000000        0x0 build/spi.o
 .note.GNU-stack
                0x00000000        0x0 build/bcm2835.o
 .note.GNU-stack
                0x00000000        0x0 build/main.o
 .note.GNU-stack
                0x00000000        0x0 build/softfloat.o
 .note.GNU-stack
                0x00000000        0x0 build/can.o
 .note.GNU-stack
                0x00000000        0x0 build/i2c.o
